../Core/Src/main.c:156:5:main	8	static
../Core/Src/main.c:280:6:SystemClock_Config	88	static
../Core/Src/main.c:327:13:MX_SPI3_Init	8	static
../Core/Src/main.c:365:13:MX_TIM1_Init	56	static
../Core/Src/main.c:415:13:MX_TIM3_Init	56	static
../Core/Src/main.c:464:13:MX_TIM4_Init	56	static
../Core/Src/main.c:513:13:MX_TIM5_Init	64	static
../Core/Src/main.c:576:13:MX_TIM8_Init	48	static
../Core/Src/main.c:635:13:MX_TIM9_Init	56	static
../Core/Src/main.c:687:13:MX_USART1_UART_Init	8	static
../Core/Src/main.c:720:13:MX_USART3_UART_Init	8	static
../Core/Src/main.c:753:13:MX_GPIO_Init	56	static
../Core/Src/main.c:811:6:Trans	32	static
../Core/Src/main.c:826:6:Moving	32	static
../Core/Src/main.c:839:6:Hand	16	static
../Core/Src/main.c:850:6:Calculate_angle	32	static
../Core/Src/main.c:859:6:Calculate_Vd	48	static
../Core/Src/main.c:871:6:StartControl	40	static
../Core/Src/main.c:933:6:timeRun	16	static
../Core/Src/main.c:943:5:convertToNegative	16	static
../Core/Src/main.c:946:6:Caculate_Desire	32	static
../Core/Src/main.c:966:6:Begin	8	static
../Core/Src/main.c:1008:6:SetDefault	24	static
../Core/Src/main.c:1031:6:Desire	16	static
../Core/Src/main.c:1067:6:StartAxisXYDesire	32	static
../Core/Src/main.c:1156:6:Caculate_Run	8	static
../Core/Src/main.c:1179:6:StartAutoRun	16	static
../Core/Src/main.c:1218:6:StartTaskWit	40	static
../Core/Src/main.c:1293:6:StartPID	16	static
../Core/Src/main.c:1313:6:HAL_TIM_PeriodElapsedCallback	16	static
../Core/Src/main.c:1330:6:Error_Handler	4	static,ignoring_inline_asm
