../Core/Src/main.c:138:6:pid_config	8	static
../Core/Src/main.c:165:5:main	8	static
../Core/Src/main.c:291:6:SystemClock_Config	88	static
../Core/Src/main.c:338:13:MX_SPI3_Init	8	static
../Core/Src/main.c:376:13:MX_TIM1_Init	56	static
../Core/Src/main.c:426:13:MX_TIM3_Init	56	static
../Core/Src/main.c:475:13:MX_TIM4_Init	56	static
../Core/Src/main.c:524:13:MX_TIM5_Init	64	static
../Core/Src/main.c:587:13:MX_TIM8_Init	48	static
../Core/Src/main.c:646:13:MX_TIM9_Init	56	static
../Core/Src/main.c:698:13:MX_USART1_UART_Init	8	static
../Core/Src/main.c:731:13:MX_USART3_UART_Init	8	static
../Core/Src/main.c:764:13:MX_GPIO_Init	56	static
../Core/Src/main.c:822:6:Trans	32	static
../Core/Src/main.c:837:6:Moving	32	static
../Core/Src/main.c:850:6:Hand	16	static
../Core/Src/main.c:861:6:Calculate_angle	32	static
../Core/Src/main.c:870:6:Calculate_Vd	48	static
../Core/Src/main.c:882:6:StartControl	40	static
../Core/Src/main.c:944:6:timeRun	16	static
../Core/Src/main.c:954:5:convertToNegative	16	static
../Core/Src/main.c:957:6:Caculate_Desire	32	static
../Core/Src/main.c:977:6:Begin	8	static
../Core/Src/main.c:1019:6:SetDefault	24	static
../Core/Src/main.c:1042:6:Desire	16	static
../Core/Src/main.c:1078:6:StartAxisXYDesire	32	static
../Core/Src/main.c:1166:6:Caculate_Run	16	static
../Core/Src/main.c:1189:6:StartAutoRun	16	static
../Core/Src/main.c:1227:6:StartTaskWit	32	static
../Core/Src/main.c:1294:6:StartPID	16	static
../Core/Src/main.c:1314:6:HAL_TIM_PeriodElapsedCallback	16	static
../Core/Src/main.c:1331:6:Error_Handler	4	static,ignoring_inline_asm
